[demo.graygrids.com/themes/jobgrids/index.html]
[backblue.gif]
[fade.gif]
[index.html]
[demo.graygrids.com/themes/jobgrids/assets/images/favicon.svg]
[demo.graygrids.com/themes/jobgrids/assets/css/bootstrap.min.css]
[demo.graygrids.com/themes/jobgrids/assets/css/LineIcons.2.0.css]
[demo.graygrids.com/themes/jobgrids/assets/css/animate.css]
[demo.graygrids.com/themes/jobgrids/assets/css/tiny-slider.css]
[demo.graygrids.com/themes/jobgrids/assets/css/glightbox.min.css]
[demo.graygrids.com/themes/jobgrids/assets/css/main.css]
[demo.graygrids.com/themes/jobgrids/assets/images/logo/logo.svg]
[demo.graygrids.com/themes/jobgrids/index-2.html]
[demo.graygrids.com/themes/jobgrids/index2.html]
[demo.graygrids.com/themes/jobgrids/index3.html]
[demo.graygrids.com/themes/jobgrids/index4.html]
[demo.graygrids.com/themes/jobgrids/about-us.html]
[demo.graygrids.com/themes/jobgrids/job-list.html]
[demo.graygrids.com/themes/jobgrids/job-details.html]
[demo.graygrids.com/themes/jobgrids/resume.html]
[demo.graygrids.com/themes/jobgrids/privacy-policy.html]
[demo.graygrids.com/themes/jobgrids/faq.html]
[demo.graygrids.com/themes/jobgrids/pricing.html]
[demo.graygrids.com/themes/jobgrids/404.html]
[demo.graygrids.com/themes/jobgrids/mail-success.html]
[demo.graygrids.com/themes/jobgrids/browse-jobs.html]
[demo.graygrids.com/themes/jobgrids/browse-categories.html]
[demo.graygrids.com/themes/jobgrids/add-resume.html]
[demo.graygrids.com/themes/jobgrids/job-alerts.html]
[demo.graygrids.com/themes/jobgrids/post-job.html]
[demo.graygrids.com/themes/jobgrids/manage-jobs.html]
[demo.graygrids.com/themes/jobgrids/manage-applications.html]
[demo.graygrids.com/themes/jobgrids/manage-resumes.html]
[demo.graygrids.com/themes/jobgrids/browse-resumes.html]
[demo.graygrids.com/themes/jobgrids/blog-grid-sidebar.html]
[demo.graygrids.com/themes/jobgrids/blog-single.html]
[demo.graygrids.com/themes/jobgrids/blog-single-sidebar.html]
[demo.graygrids.com/themes/jobgrids/contact.html]
[demo.graygrids.com/themes/jobgrids/assets/images/hero/hero-image.png]
[demo.graygrids.com/themes/jobgrids/assets/images/about/small1.jpg]
[demo.graygrids.com/themes/jobgrids/assets/images/about/small2.jpg]
[demo.graygrids.com/themes/jobgrids/assets/images/about/small3.jpg]
[demo.graygrids.com/themes/jobgrids/assets/images/jobs/img1.png]
[demo.graygrids.com/themes/jobgrids/assets/images/jobs/img2.png]
[demo.graygrids.com/themes/jobgrids/assets/images/jobs/img3.png]
[demo.graygrids.com/themes/jobgrids/assets/images/jobs/img4.png]
[demo.graygrids.com/themes/jobgrids/assets/images/jobs/img7.png]
[demo.graygrids.com/themes/jobgrids/assets/images/jobs/img5.png]
[demo.graygrids.com/themes/jobgrids/assets/images/jobs/img6.png]
[demo.graygrids.com/themes/jobgrids/assets/images/jobs/img8.png]
[demo.graygrids.com/themes/jobgrids/assets/images/featured-job/img1.jpg]
[demo.graygrids.com/themes/jobgrids/bookmarked.html]
[demo.graygrids.com/themes/jobgrids/assets/images/featured-job/img2.jpg]
[demo.graygrids.com/themes/jobgrids/assets/images/featured-job/img3.jpg]
[demo.graygrids.com/themes/jobgrids/assets/images/featured-job/img4.jpg]
[demo.graygrids.com/themes/jobgrids/assets/images/featured-job/img5.jpg]
[demo.graygrids.com/themes/jobgrids/assets/images/featured-job/img6.jpg]
[demo.graygrids.com/themes/jobgrids/assets/images/testimonial/patern1.png]
[demo.graygrids.com/themes/jobgrids/assets/images/testimonial/testi1.jpg]
[demo.graygrids.com/themes/jobgrids/assets/images/testimonial/testi2.jpg]
[demo.graygrids.com/themes/jobgrids/assets/images/testimonial/testi3.jpg]
[demo.graygrids.com/themes/jobgrids/assets/images/testimonial/testi4.jpg]
[demo.graygrids.com/themes/jobgrids/assets/images/testimonial/testimonial-right.png]
[demo.graygrids.com/themes/jobgrids/assets/images/blog/blog1.jpg]
[demo.graygrids.com/themes/jobgrids/assets/images/blog/blog2.jpg]
[demo.graygrids.com/themes/jobgrids/assets/images/blog/blog3.jpg]
[demo.graygrids.com/themes/jobgrids/assets/images/clients/client1.png]
[demo.graygrids.com/themes/jobgrids/assets/images/clients/client2.png]
[demo.graygrids.com/themes/jobgrids/assets/images/clients/client3.png]
[demo.graygrids.com/themes/jobgrids/assets/images/clients/client4.png]
[demo.graygrids.com/themes/jobgrids/assets/images/clients/client5.png]
[demo.graygrids.com/themes/jobgrids/assets/images/clients/client6.png]
[demo.graygrids.com/cdn-cgi/scripts/5c5dd728/cloudflare-static/email-decode.min.js]
[demo.graygrids.com/themes/jobgrids/assets/js/bootstrap.min.js]
[demo.graygrids.com/themes/jobgrids/assets/js/wow.min.js]
[demo.graygrids.com/themes/jobgrids/assets/js/tiny-slider.js]
[demo.graygrids.com/themes/jobgrids/assets/js/glightbox.min.js]
[demo.graygrids.com/themes/jobgrids/assets/js/main.js]
[demo.graygrids.com/themes/jobgrids/index.html]
[ajax.cloudflare.com/cdn-cgi/scripts/7089c43e/cloudflare-static/rocket-loader.min.js]
[fonts.googleapis.com/css2c948.css]
[demo.graygrids.com/themes/jobgrids/index-2.html]
[demo.graygrids.com/themes/jobgrids/assets/images/hero/banner.png]
[demo.graygrids.com/themes/jobgrids/assets/images/hero/banner2.png]
[demo.graygrids.com/themes/jobgrids/assets/images/jobs/category-1.jpg]
[demo.graygrids.com/themes/jobgrids/assets/images/jobs/category-2.jpg]
[demo.graygrids.com/themes/jobgrids/assets/images/jobs/category-3.jpg]
[demo.graygrids.com/themes/jobgrids/assets/images/jobs/category-4.jpg]
[demo.graygrids.com/themes/jobgrids/assets/images/jobs/category-5.jpg]
[demo.graygrids.com/themes/jobgrids/assets/images/jobs/category-6.jpg]
[demo.graygrids.com/themes/jobgrids/assets/images/jobs/category-7.jpg]
[demo.graygrids.com/themes/jobgrids/assets/images/jobs/category-8.jpg]
[demo.graygrids.com/themes/jobgrids/index2.html]
[demo.graygrids.com/themes/jobgrids/index3.html]
[demo.graygrids.com/themes/jobgrids/index4.html]
[demo.graygrids.com/themes/jobgrids/about-us.html]
[demo.graygrids.com/themes/jobgrids/news-standard.html]
[demo.graygrids.com/themes/jobgrids/job-list.html]
[demo.graygrids.com/themes/jobgrids/assets/images/universal-image/job-details.png]
[demo.graygrids.com/themes/jobgrids/job-details.html]
[demo.graygrids.com/themes/jobgrids/notifications.html]
[demo.graygrids.com/themes/jobgrids/change-password.html]
[demo.graygrids.com/themes/jobgrids/assets/images/resume/avater.png]
[demo.graygrids.com/themes/jobgrids/assets/images/resume/work1.png]
[demo.graygrids.com/themes/jobgrids/assets/images/resume/work2.png]
[demo.graygrids.com/themes/jobgrids/assets/images/resume/edu1.svg]
[demo.graygrids.com/themes/jobgrids/resume.html]
[demo.graygrids.com/themes/jobgrids/privacy-policy.html]
[demo.graygrids.com/themes/jobgrids/faq.html]
[demo.graygrids.com/themes/jobgrids/pricing.html]
[demo.graygrids.com/themes/jobgrids/404.html]
[demo.graygrids.com/themes/jobgrids/mail-success.html]
[demo.graygrids.com/themes/jobgrids/browse-jobs.html]
[demo.graygrids.com/themes/jobgrids/browse-categories.html]
[demo.graygrids.com/themes/jobgrids/add-resume.html]
[demo.graygrids.com/themes/jobgrids/job-alerts.html]
[demo.graygrids.com/themes/jobgrids/assets/images/resume/edu2.svg]
[demo.graygrids.com/themes/jobgrids/terms-conditions.html]
[demo.graygrids.com/themes/jobgrids/post-job.html]
[demo.graygrids.com/themes/jobgrids/manage-jobs.html]
[demo.graygrids.com/themes/jobgrids/assets/images/jobs/candidates.png]
[demo.graygrids.com/themes/jobgrids/assets/images/jobs/manage-job1.png]
[demo.graygrids.com/themes/jobgrids/assets/images/jobs/manage-job2.png]
[demo.graygrids.com/themes/jobgrids/assets/images/jobs/manage-job3.png]
[demo.graygrids.com/themes/jobgrids/assets/images/jobs/manage-job4.png]
[demo.graygrids.com/themes/jobgrids/assets/images/jobs/manage-job5.png]
[demo.graygrids.com/themes/jobgrids/assets/images/jobs/manage-job6.png]
[demo.graygrids.com/themes/jobgrids/manage-applications.html]
[demo.graygrids.com/themes/jobgrids/assets/images/resume/candidate1.jpg]
[demo.graygrids.com/themes/jobgrids/assets/images/resume/candidate2.jpg]
[demo.graygrids.com/themes/jobgrids/assets/images/resume/candidate3.jpg]
[demo.graygrids.com/themes/jobgrids/manage-resumes.html]
[demo.graygrids.com/themes/jobgrids/browse-resumes.html]
[demo.graygrids.com/themes/jobgrids/blog-grid-sidebar.html]
[demo.graygrids.com/themes/jobgrids/assets/images/resume/candidate4.jpg]
[demo.graygrids.com/themes/jobgrids/assets/images/blog/blog-single.jpg]
[demo.graygrids.com/themes/jobgrids/assets/images/blog/blog-single2.jpg]
[demo.graygrids.com/themes/jobgrids/assets/images/blog/blog-single3.jpg]
[demo.graygrids.com/themes/jobgrids/assets/images/blog/comment1.png]
[demo.graygrids.com/themes/jobgrids/assets/images/blog/comment2.png]
[demo.graygrids.com/themes/jobgrids/assets/images/blog/comment3.png]
[demo.graygrids.com/themes/jobgrids/blog-single.html]
[demo.graygrids.com/themes/jobgrids/blog-single-sidebar.html]
[demo.graygrids.com/themes/jobgrids/contact.html]
[demo.graygrids.com/themes/jobgrids/bookmarked.html]
[demo.graygrids.com/themes/jobgrids/news-standard.html]
[demo.graygrids.com/themes/jobgrids/notifications.html]
[demo.graygrids.com/themes/jobgrids/change-password.html]
[demo.graygrids.com/themes/jobgrids/terms-conditions.html]
[demo.graygrids.com/themes/jobgrids/assets/images/about/small1.jpg]
[demo.graygrids.com/themes/jobgrids/assets/images/hero/hero-image.png]
[demo.graygrids.com/themes/jobgrids/assets/images/testimonial/testi1.jpg]
[demo.graygrids.com/themes/jobgrids/assets/images/testimonial/testimonial-right.png]
[demo.graygrids.com/themes/jobgrids/assets/images/favicon.svg]
[demo.graygrids.com/themes/jobgrids/assets/images/hero/banner2.png]
[demo.graygrids.com/themes/jobgrids/assets/images/jobs/category-1.jpg]
[demo.graygrids.com/themes/jobgrids/assets/css/bootstrap.min.css]
[demo.graygrids.com/themes/jobgrids/assets/images/hero/banner.png]
[ajax.cloudflare.com/cdn-cgi/scripts/7089c43e/cloudflare-static/rocket-loader.min.js]
[demo.graygrids.com/themes/jobgrids/assets/images/jobs/category-2.jpg]
[demo.graygrids.com/themes/jobgrids/assets/images/jobs/category-3.jpg]
[demo.graygrids.com/themes/jobgrids/assets/images/jobs/category-6.jpg]
[demo.graygrids.com/themes/jobgrids/assets/images/jobs/category-4.jpg]
[demo.graygrids.com/themes/jobgrids/assets/images/jobs/category-8.jpg]
[demo.graygrids.com/themes/jobgrids/assets/images/jobs/candidates.png]
[demo.graygrids.com/themes/jobgrids/assets/images/resume/candidate1.jpg]
[demo.graygrids.com/themes/jobgrids/assets/fonts/LineIcons.eot]
[demo.graygrids.com/themes/jobgrids/assets/images/resume/candidate2.jpg]
[demo.graygrids.com/themes/jobgrids/assets/fonts/LineIcons.woff2]
[demo.graygrids.com/themes/jobgrids/assets/images/resume/candidate4.jpg]
[demo.graygrids.com/themes/jobgrids/assets/images/resume/candidate3.jpg]
[demo.graygrids.com/themes/jobgrids/assets/images/blog/blog-single.jpg]
[demo.graygrids.com/themes/jobgrids/assets/images/blog/blog-single2.jpg]
[demo.graygrids.com/themes/jobgrids/assets/images/blog/blog-single3.jpg]
[demo.graygrids.com/themes/jobgrids/assets/images/blog/comment1.png]
[demo.graygrids.com/themes/jobgrids/assets/images/blog/comment3.png]
[demo.graygrids.com/themes/jobgrids/assets/images/blog/comment2.png]
[demo.graygrids.com/themes/jobgrids/assets/fonts/LineIcons.woff]
[demo.graygrids.com/themes/jobgrids/assets/fonts/LineIcons.woff2]
[demo.graygrids.com/themes/jobgrids/assets/fonts/LineIcons.woff]
[demo.graygrids.com/themes/jobgrids/assets/fonts/LineIcons.ttf]
[demo.graygrids.com/themes/jobgrids/assets/css/LineIcons.2.0.css]
[demo.graygrids.com/themes/jobgrids/assets/css/animate.css]
[demo.graygrids.com/themes/jobgrids/assets/css/tiny-slider.css]
[demo.graygrids.com/themes/jobgrids/assets/css/glightbox.min.css]
[demo.graygrids.com/themes/jobgrids/assets/images/breadcrumb/breadcrumb-bg.jpg]
[demo.graygrids.com/themes/jobgrids/assets/fonts/LineIcons.svg]
[demo.graygrids.com/themes/jobgrids/assets/images/loading.svg]
[demo.graygrids.com/themes/jobgrids/assets/images/hero/home-page4.jpg]
[demo.graygrids.com/themes/jobgrids/assets/images/hero/small-patern.png]
[demo.graygrids.com/themes/jobgrids/assets/images/hero/pattern.png]
[demo.graygrids.com/themes/jobgrids/assets/images/hero/small-patern.png]
[demo.graygrids.com/themes/jobgrids/assets/images/hero/home-page4.jpg]
[demo.graygrids.com/themes/jobgrids/assets/images/call-action/cat-bg.jpg]
[demo.graygrids.com/themes/jobgrids/assets/css/main.css]
[demo.graygrids.com/themes/jobgrids/assets/images/logo/logo.svg]
[demo.graygrids.com/themes/jobgrids/popper.7c.delayed]
[demo.graygrids.com/themes/jobgrids/assets/js/bootstrap.min.js]
[demo.graygrids.com/themes/jobgrids/assets/js/wow.min.js]
[demo.graygrids.com/themes/jobgrids/assets/js/tiny-slider.js]
[demo.graygrids.com/themes/jobgrids/assets/js/glightbox.min.js]
[demo.graygrids.com/themes/jobgrids/assets/js/main.js]
[demo.graygrids.com/themes/jobgrids/assets/images/resume/edu1.svg]
[demo.graygrids.com/themes/jobgrids/assets/images/resume/edu2.svg]
[demo.graygrids.com/themes/jobgrids/assets/fonts/LineIcons.svg]
[demo.graygrids.com/themes/jobgrids/assets/images/loading.svg]
[demo.graygrids.com/themes/jobgrids/popper.html]
[demo.graygrids.com/themes/jobgrids/news-standard.html]
